{"draw":"1","data":[{"id":"8","ticket_no":"TICKET-000008","subject":"Incident","title":"test ticket closed","severity":"0","status":"75","category":"9","owner":"admin","assign_to":null,"created":"1774021734"},{"id":"7","ticket_no":"TICKET-000007","subject":"Incident","title":"test ticket closed","severity":"0","status":"100","category":"9","owner":"admin","assign_to":null,"created":"1774021722"},{"id":"6","ticket_no":"TICKET-000006","subject":"Incident","title":"test ticket closed","severity":"0","status":"120","category":"9","owner":"admin","assign_to":null,"created":"1774021694"},{"id":"5","ticket_no":"TICKET-000005","subject":"Incident","title":"test ticket in progress","severity":"2","status":"25","category":"9","owner":"admin","assign_to":null,"created":"1774021655"},{"id":"4","ticket_no":"TICKET-000004","subject":"Incident","title":"test ticket assign","severity":"1","status":"50","category":"26","owner":"admin","assign_to":"admin","created":"1774021616"},{"id":"3","ticket_no":"TICKET-000003","subject":"Incident","title":"test tiket open","severity":"0","status":"0","category":"26","owner":"admin","assign_to":null,"created":"1774021568"},{"id":"2","ticket_no":"TICKET-000002","subject":"Incident","title":"cpu tidak bisa menyala","severity":"1","status":"100","category":"9","owner":"admin","assign_to":null,"created":"1773999304"},{"id":"1","ticket_no":"TICKET-000001","subject":"ini hanya test ticket","title":null,"severity":"2","status":"100","category":"1","owner":"admin","assign_to":"agent.demo","created":"1773536556"}],"recordsFiltered":8,"recordsTotal":8,"dev":"SELECT `tickets`.`id` as `id`, `tickets`.`ticket_no` as `ticket_no`, `tickets`.`subject` as `subject`, `tickets`.`title` as `title`, `tickets`.`severity` as `severity`, `tickets`.`status` as `status`, `tickets`.`category` as `category`, `tickets`.`owner` as `owner`, `tickets`.`assign_to` as `assign_to`, `tickets`.`created` as `created`\nFROM `tickets`\nORDER BY `tickets`.`created` DESC\n LIMIT 10"}